Assuming unrestricted shared filesystem usage.
host: MacBook-Pro-826.local
Building DAG of jobs...
Using shell: /bin/zsh
Provided cores: 11
Rules claiming more threads will be scaled down.
Provided resources: gpu=Resource("gpu", 1)
Job stats:
job             count
------------  -------
process_fov         2
run_cellpose        1
all                 1
total               4

Select jobs to execute...
Execute 2 jobs...
[Thu Sep 10 15:50:34 2026]
localrule process_fov:
    input: results/002_BacA-2_EPS007_19700101/cellpose_masks/A01s1t1z1_cellpose.tif, results/002_BacA-2_EPS007_19700101/cellpose_masks/A01s2t1z1_cellpose.tif, results/002_BacA-2_EPS007_19700101/cellpose_masks/A01s3t1z1_cellpose.tif, results/002_BacA-2_EPS007_19700101/cellpose_masks/A02s1t1z1_cellpose.tif, results/002_BacA-2_EPS007_19700101/cellpose_masks/A02s2t1z1_cellpose.tif, results/002_BacA-2_EPS007_19700101/cellpose_masks/A02s3t1z1_cellpose.tif, results/002_BacA-2_EPS007_19700101/cellpose_masks/A03s1t1z1_cellpose.tif, results/002_BacA-2_EPS007_19700101/cellpose_masks/A03s2t1z1_cellpose.tif, results/002_BacA-2_EPS007_19700101/cellpose_masks/A03s3t1z1_cellpose.tif, results/002_BacA-2_EPS007_19700101/cellpose_masks/A04s1t1z1_cellpose.tif, results/002_BacA-2_EPS007_19700101/cellpose_masks/A04s2t1z1_cellpose.tif, results/002_BacA-2_EPS007_19700101/cellpose_masks/A04s3t1z1_cellpose.tif, results/002_BacA-2_EPS007_19700101/cellpose_masks/A05s1t1z1_cellpose.tif, results/002_BacA-2_EPS007_19700101/cellpose_masks/A05s2t1z1_cellpose.tif, results/002_BacA-2_EPS007_19700101/cellpose_masks/A05s3t1z1_cellpose.tif, results/002_BacA-2_EPS007_19700101/cellpose_masks/A06s1t1z1_cellpose.tif, results/002_BacA-2_EPS007_19700101/cellpose_masks/A06s2t1z1_cellpose.tif, results/002_BacA-2_EPS007_19700101/cellpose_masks/A06s3t1z1_cellpose.tif
    output: results/002_BacA-2_EPS007_19700101/cellpose.done
    jobid: 20
    reason: Missing output files: results/002_BacA-2_EPS007_19700101/cellpose.done
    wildcards: plate_name=002_BacA-2_EPS007_19700101
    resources: tmpdir=/var/folders/bf/bkdpjl_d21s9fv1m0tz4bf4h0000gn/T
[Thu Sep 10 15:50:34 2026]
localrule run_cellpose:
    input: /Users/owenburroughs/Desktop/Personal_Skaar_Lab/EPS007_Code/Test_Dataset/001_BacA-1_EPS007_19700101/t1_A06_s3_w1_z1.tif
    output: results/001_BacA-1_EPS007_19700101/cellpose_masks/A06s3t1z1_cellpose.tif
    jobid: 19
    reason: Missing output files: results/001_BacA-1_EPS007_19700101/cellpose_masks/A06s3t1z1_cellpose.tif
    wildcards: plate_name=001_BacA-1_EPS007_19700101, FOV=A06s3t1z1
    resources: tmpdir=/var/folders/bf/bkdpjl_d21s9fv1m0tz4bf4h0000gn/T, gpu=1
[Thu Sep 10 15:50:34 2026]
Finished jobid: 20 (Rule: process_fov)
1 of 4 steps (25%) done
[Thu Sep 10 15:50:57 2026]
Finished jobid: 19 (Rule: run_cellpose)
2 of 4 steps (50%) done
Select jobs to execute...
Execute 1 jobs...
[Thu Sep 10 15:50:57 2026]
localrule process_fov:
    input: results/001_BacA-1_EPS007_19700101/cellpose_masks/A01s1t1z1_cellpose.tif, results/001_BacA-1_EPS007_19700101/cellpose_masks/A01s2t1z1_cellpose.tif, results/001_BacA-1_EPS007_19700101/cellpose_masks/A01s3t1z1_cellpose.tif, results/001_BacA-1_EPS007_19700101/cellpose_masks/A02s1t1z1_cellpose.tif, results/001_BacA-1_EPS007_19700101/cellpose_masks/A02s2t1z1_cellpose.tif, results/001_BacA-1_EPS007_19700101/cellpose_masks/A02s3t1z1_cellpose.tif, results/001_BacA-1_EPS007_19700101/cellpose_masks/A03s1t1z1_cellpose.tif, results/001_BacA-1_EPS007_19700101/cellpose_masks/A03s2t1z1_cellpose.tif, results/001_BacA-1_EPS007_19700101/cellpose_masks/A03s3t1z1_cellpose.tif, results/001_BacA-1_EPS007_19700101/cellpose_masks/A04s1t1z1_cellpose.tif, results/001_BacA-1_EPS007_19700101/cellpose_masks/A04s2t1z1_cellpose.tif, results/001_BacA-1_EPS007_19700101/cellpose_masks/A04s3t1z1_cellpose.tif, results/001_BacA-1_EPS007_19700101/cellpose_masks/A05s1t1z1_cellpose.tif, results/001_BacA-1_EPS007_19700101/cellpose_masks/A05s2t1z1_cellpose.tif, results/001_BacA-1_EPS007_19700101/cellpose_masks/A05s3t1z1_cellpose.tif, results/001_BacA-1_EPS007_19700101/cellpose_masks/A06s1t1z1_cellpose.tif, results/001_BacA-1_EPS007_19700101/cellpose_masks/A06s2t1z1_cellpose.tif, results/001_BacA-1_EPS007_19700101/cellpose_masks/A06s3t1z1_cellpose.tif
    output: results/001_BacA-1_EPS007_19700101/cellpose.done
    jobid: 1
    reason: Missing output files: results/001_BacA-1_EPS007_19700101/cellpose.done; Input files updated by another job: results/001_BacA-1_EPS007_19700101/cellpose_masks/A06s3t1z1_cellpose.tif
    wildcards: plate_name=001_BacA-1_EPS007_19700101
    resources: tmpdir=/var/folders/bf/bkdpjl_d21s9fv1m0tz4bf4h0000gn/T
[Thu Sep 10 15:50:57 2026]
Finished jobid: 1 (Rule: process_fov)
3 of 4 steps (75%) done
Select jobs to execute...
Execute 1 jobs...
[Thu Sep 10 15:50:57 2026]
localrule all:
    input: results/001_BacA-1_EPS007_19700101/cellpose.done, results/002_BacA-2_EPS007_19700101/cellpose.done
    jobid: 0
    reason: Input files updated by another job: results/001_BacA-1_EPS007_19700101/cellpose.done, results/002_BacA-2_EPS007_19700101/cellpose.done
    resources: tmpdir=/var/folders/bf/bkdpjl_d21s9fv1m0tz4bf4h0000gn/T
[Thu Sep 10 15:50:57 2026]
Finished jobid: 0 (Rule: all)
4 of 4 steps (100%) done
Complete log(s): /Users/owenburroughs/Desktop/Personal_Skaar_Lab/EPS007_Code/BacilliScope/.snakemake/log/2026-09-10T155034.195399.snakemake.log
