Assuming unrestricted shared filesystem usage.
host: MacBook-Pro-826.local
Building DAG of jobs...
Using shell: /bin/zsh
Provided cores: 11
Rules claiming more threads will be scaled down.
Job stats:
job                       count
----------------------  -------
create_plate_manifests        2
all                           1
total                         3

Select jobs to execute...
Execute 2 jobs...
[Thu Sep  3 18:31:22 2026]
localrule create_plate_manifests:
    input: /Users/owenburroughs/Desktop/Personal_Skaar_Lab/EPS007_Code/Test_Dataset/002_BacA-2_EPS007_19700101
    output: results/002_BacA-2_EPS007_19700101/002_BacA-2_EPS007_19700101.manifest.csv
    jobid: 2
    reason: Missing output files: results/002_BacA-2_EPS007_19700101/002_BacA-2_EPS007_19700101.manifest.csv
    wildcards: plate=002_BacA-2_EPS007_19700101
    resources: tmpdir=/var/folders/bf/bkdpjl_d21s9fv1m0tz4bf4h0000gn/T
[Thu Sep  3 18:31:22 2026]
localrule create_plate_manifests:
    input: /Users/owenburroughs/Desktop/Personal_Skaar_Lab/EPS007_Code/Test_Dataset/001_BacA-1_EPS007_19700101
    output: results/001_BacA-1_EPS007_19700101/001_BacA-1_EPS007_19700101.manifest.csv
    jobid: 1
    reason: Missing output files: results/001_BacA-1_EPS007_19700101/001_BacA-1_EPS007_19700101.manifest.csv
    wildcards: plate=001_BacA-1_EPS007_19700101
    resources: tmpdir=/var/folders/bf/bkdpjl_d21s9fv1m0tz4bf4h0000gn/T
RuleException:
CalledProcessError in file "/Users/owenburroughs/Desktop/Personal_Skaar_Lab/EPS007_Code/BacilliScope/workflow/Snakefile", line 38:
Command 'python3 <scripts>/1_create_plate_manifest.py             --plate-data-dir /Users/owenburroughs/Desktop/Personal_Skaar_Lab/EPS007_Code/Test_Dataset/001_BacA-1_EPS007_19700101             --manifest-output results/001_BacA-1_EPS007_19700101/001_BacA-1_EPS007_19700101.manifest.csv             --plate-name 001_BacA-1_EPS007_19700101' returned non-zero exit status 1.
[Thu Sep  3 18:31:22 2026]
Error in rule create_plate_manifests:
    message: None
    jobid: 1
    input: /Users/owenburroughs/Desktop/Personal_Skaar_Lab/EPS007_Code/Test_Dataset/001_BacA-1_EPS007_19700101
    output: results/001_BacA-1_EPS007_19700101/001_BacA-1_EPS007_19700101.manifest.csv
    shell:
        
        python3 <scripts>/1_create_plate_manifest.py             --plate-data-dir /Users/owenburroughs/Desktop/Personal_Skaar_Lab/EPS007_Code/Test_Dataset/001_BacA-1_EPS007_19700101             --manifest-output results/001_BacA-1_EPS007_19700101/001_BacA-1_EPS007_19700101.manifest.csv             --plate-name 001_BacA-1_EPS007_19700101
        
        (command exited with non-zero exit code)
RuleException:
CalledProcessError in file "/Users/owenburroughs/Desktop/Personal_Skaar_Lab/EPS007_Code/BacilliScope/workflow/Snakefile", line 38:
Command 'python3 <scripts>/1_create_plate_manifest.py             --plate-data-dir /Users/owenburroughs/Desktop/Personal_Skaar_Lab/EPS007_Code/Test_Dataset/002_BacA-2_EPS007_19700101             --manifest-output results/002_BacA-2_EPS007_19700101/002_BacA-2_EPS007_19700101.manifest.csv             --plate-name 002_BacA-2_EPS007_19700101' returned non-zero exit status 1.
[Thu Sep  3 18:31:22 2026]
Error in rule create_plate_manifests:
    message: None
    jobid: 2
    input: /Users/owenburroughs/Desktop/Personal_Skaar_Lab/EPS007_Code/Test_Dataset/002_BacA-2_EPS007_19700101
    output: results/002_BacA-2_EPS007_19700101/002_BacA-2_EPS007_19700101.manifest.csv
    shell:
        
        python3 <scripts>/1_create_plate_manifest.py             --plate-data-dir /Users/owenburroughs/Desktop/Personal_Skaar_Lab/EPS007_Code/Test_Dataset/002_BacA-2_EPS007_19700101             --manifest-output results/002_BacA-2_EPS007_19700101/002_BacA-2_EPS007_19700101.manifest.csv             --plate-name 002_BacA-2_EPS007_19700101
        
        (command exited with non-zero exit code)
Shutting down, this might take some time.
Exiting because a job execution failed. Look below for error messages
[Thu Sep  3 18:31:22 2026]
Error in rule create_plate_manifests:
    message: None
    jobid: 2
    input: /Users/owenburroughs/Desktop/Personal_Skaar_Lab/EPS007_Code/Test_Dataset/002_BacA-2_EPS007_19700101
    output: results/002_BacA-2_EPS007_19700101/002_BacA-2_EPS007_19700101.manifest.csv
    shell:
        
        python3 <scripts>/1_create_plate_manifest.py             --plate-data-dir /Users/owenburroughs/Desktop/Personal_Skaar_Lab/EPS007_Code/Test_Dataset/002_BacA-2_EPS007_19700101             --manifest-output results/002_BacA-2_EPS007_19700101/002_BacA-2_EPS007_19700101.manifest.csv             --plate-name 002_BacA-2_EPS007_19700101
        
        (command exited with non-zero exit code)
[Thu Sep  3 18:31:22 2026]
Error in rule create_plate_manifests:
    message: None
    jobid: 1
    input: /Users/owenburroughs/Desktop/Personal_Skaar_Lab/EPS007_Code/Test_Dataset/001_BacA-1_EPS007_19700101
    output: results/001_BacA-1_EPS007_19700101/001_BacA-1_EPS007_19700101.manifest.csv
    shell:
        
        python3 <scripts>/1_create_plate_manifest.py             --plate-data-dir /Users/owenburroughs/Desktop/Personal_Skaar_Lab/EPS007_Code/Test_Dataset/001_BacA-1_EPS007_19700101             --manifest-output results/001_BacA-1_EPS007_19700101/001_BacA-1_EPS007_19700101.manifest.csv             --plate-name 001_BacA-1_EPS007_19700101
        
        (command exited with non-zero exit code)
Complete log(s): /Users/owenburroughs/Desktop/Personal_Skaar_Lab/EPS007_Code/BacilliScope/.snakemake/log/2026-09-03T183121.870145.snakemake.log
WorkflowError:
At least one job did not complete successfully.
