Assuming unrestricted shared filesystem usage.
host: MacBook-Pro-826.local
Building DAG of jobs...
Using shell: /bin/zsh
Provided cores: 11
Rules claiming more threads will be scaled down.
Job stats:
job                       count
----------------------  -------
create_plate_manifests        2
all                           1
total                         3

Select jobs to execute...
Execute 2 jobs...
[Thu Sep  3 18:42:17 2026]
localrule create_plate_manifests:
    input: /Users/owenburroughs/Desktop/Personal_Skaar_Lab/EPS007_Code/Test_Dataset/001_BacA-1_EPS007_19700101
    output: results/001_BacA-1_EPS007_19700101/001_BacA-1_EPS007_19700101.manifest.csv
    jobid: 1
    reason: Missing output files: results/001_BacA-1_EPS007_19700101/001_BacA-1_EPS007_19700101.manifest.csv
    wildcards: plate_name=001_BacA-1_EPS007_19700101
    resources: tmpdir=/var/folders/bf/bkdpjl_d21s9fv1m0tz4bf4h0000gn/T
[Thu Sep  3 18:42:17 2026]
localrule create_plate_manifests:
    input: /Users/owenburroughs/Desktop/Personal_Skaar_Lab/EPS007_Code/Test_Dataset/002_BacA-2_EPS007_19700101
    output: results/002_BacA-2_EPS007_19700101/002_BacA-2_EPS007_19700101.manifest.csv
    jobid: 2
    reason: Missing output files: results/002_BacA-2_EPS007_19700101/002_BacA-2_EPS007_19700101.manifest.csv
    wildcards: plate_name=002_BacA-2_EPS007_19700101
    resources: tmpdir=/var/folders/bf/bkdpjl_d21s9fv1m0tz4bf4h0000gn/T
[Thu Sep  3 18:42:18 2026]
Finished jobid: 2 (Rule: create_plate_manifests)
1 of 3 steps (33%) done
[Thu Sep  3 18:42:18 2026]
Finished jobid: 1 (Rule: create_plate_manifests)
2 of 3 steps (67%) done
Select jobs to execute...
Execute 1 jobs...
[Thu Sep  3 18:42:18 2026]
localrule all:
    input: results/001_BacA-1_EPS007_19700101/001_BacA-1_EPS007_19700101.manifest.csv, results/002_BacA-2_EPS007_19700101/002_BacA-2_EPS007_19700101.manifest.csv
    jobid: 0
    reason: Input files updated by another job: results/001_BacA-1_EPS007_19700101/001_BacA-1_EPS007_19700101.manifest.csv, results/002_BacA-2_EPS007_19700101/002_BacA-2_EPS007_19700101.manifest.csv
    resources: tmpdir=/var/folders/bf/bkdpjl_d21s9fv1m0tz4bf4h0000gn/T
[Thu Sep  3 18:42:18 2026]
Finished jobid: 0 (Rule: all)
3 of 3 steps (100%) done
Complete log(s): /Users/owenburroughs/Desktop/Personal_Skaar_Lab/EPS007_Code/BacilliScope/.snakemake/log/2026-09-03T184217.724719.snakemake.log
