Assuming unrestricted shared filesystem usage.
host: MacBook-Pro-826.local
Building DAG of jobs...
Using shell: /bin/zsh
Provided cores: 11
Rules claiming more threads will be scaled down.
Provided resources: gpu=Resource("gpu", 1)
Job stats:
job              count
-------------  -------
sample_images        2
all                  1
total                3

Select jobs to execute...
Execute 1 jobs...
[Wed Sep  9 14:41:41 2026]
localrule sample_images:
    input: /Users/owenburroughs/Desktop/Personal_Skaar_Lab/EPS007_Code/Test_Dataset/001_BacA-1_EPS007_19700101, /Users/owenburroughs/Desktop/Personal_Skaar_Lab/EPS007_Code/Test_Dataset/001_BacA-1_EPS007_19700101/t1_A06_s3_w1_z1.tif, /Users/owenburroughs/Desktop/Personal_Skaar_Lab/EPS007_Code/Test_Dataset/001_BacA-1_EPS007_19700101/t1_A03_s3_w1_z1.tif, /Users/owenburroughs/Desktop/Personal_Skaar_Lab/EPS007_Code/Test_Dataset/001_BacA-1_EPS007_19700101/t1_A03_s1_w1_z1.tif, /Users/owenburroughs/Desktop/Personal_Skaar_Lab/EPS007_Code/Test_Dataset/001_BacA-1_EPS007_19700101/t1_A04_s1_w1_z1.tif, /Users/owenburroughs/Desktop/Personal_Skaar_Lab/EPS007_Code/Test_Dataset/001_BacA-1_EPS007_19700101/t1_A02_s1_w1_z1.tif, /Users/owenburroughs/Desktop/Personal_Skaar_Lab/EPS007_Code/Test_Dataset/001_BacA-1_EPS007_19700101/t1_A05_s1_w1_z1.tif, /Users/owenburroughs/Desktop/Personal_Skaar_Lab/EPS007_Code/Test_Dataset/001_BacA-1_EPS007_19700101/t1_A04_s2_w1_z1.tif, /Users/owenburroughs/Desktop/Personal_Skaar_Lab/EPS007_Code/Test_Dataset/001_BacA-1_EPS007_19700101/t1_A06_s2_w1_z1.tif, /Users/owenburroughs/Desktop/Personal_Skaar_Lab/EPS007_Code/Test_Dataset/001_BacA-1_EPS007_19700101/t1_A03_s2_w1_z1.tif, /Users/owenburroughs/Desktop/Personal_Skaar_Lab/EPS007_Code/Test_Dataset/001_BacA-1_EPS007_19700101/t1_A01_s2_w1_z1.tif, /Users/owenburroughs/Desktop/Personal_Skaar_Lab/EPS007_Code/Test_Dataset/001_BacA-1_EPS007_19700101/t1_A02_s3_w1_z1.tif, /Users/owenburroughs/Desktop/Personal_Skaar_Lab/EPS007_Code/Test_Dataset/001_BacA-1_EPS007_19700101/t1_A01_s3_w1_z1.tif, /Users/owenburroughs/Desktop/Personal_Skaar_Lab/EPS007_Code/Test_Dataset/001_BacA-1_EPS007_19700101/t1_A05_s3_w1_z1.tif, /Users/owenburroughs/Desktop/Personal_Skaar_Lab/EPS007_Code/Test_Dataset/001_BacA-1_EPS007_19700101/t1_A02_s2_w1_z1.tif, /Users/owenburroughs/Desktop/Personal_Skaar_Lab/EPS007_Code/Test_Dataset/001_BacA-1_EPS007_19700101/t1_A01_s1_w1_z1.tif, /Users/owenburroughs/Desktop/Personal_Skaar_Lab/EPS007_Code/Test_Dataset/001_BacA-1_EPS007_19700101/t1_A05_s2_w1_z1.tif, /Users/owenburroughs/Desktop/Personal_Skaar_Lab/EPS007_Code/Test_Dataset/001_BacA-1_EPS007_19700101/t1_A06_s1_w1_z1.tif, /Users/owenburroughs/Desktop/Personal_Skaar_Lab/EPS007_Code/Test_Dataset/001_BacA-1_EPS007_19700101/t1_A04_s3_w1_z1.tif, /Users/owenburroughs/Desktop/Personal_Skaar_Lab/EPS007_Code/Test_Dataset/001_BacA-1_EPS007_19700101/t1_A06_s3_w2_z1.tif, /Users/owenburroughs/Desktop/Personal_Skaar_Lab/EPS007_Code/Test_Dataset/001_BacA-1_EPS007_19700101/t1_A03_s3_w2_z1.tif, /Users/owenburroughs/Desktop/Personal_Skaar_Lab/EPS007_Code/Test_Dataset/001_BacA-1_EPS007_19700101/t1_A03_s1_w2_z1.tif, /Users/owenburroughs/Desktop/Personal_Skaar_Lab/EPS007_Code/Test_Dataset/001_BacA-1_EPS007_19700101/t1_A04_s1_w2_z1.tif, /Users/owenburroughs/Desktop/Personal_Skaar_Lab/EPS007_Code/Test_Dataset/001_BacA-1_EPS007_19700101/t1_A02_s1_w2_z1.tif, /Users/owenburroughs/Desktop/Personal_Skaar_Lab/EPS007_Code/Test_Dataset/001_BacA-1_EPS007_19700101/t1_A05_s1_w2_z1.tif, /Users/owenburroughs/Desktop/Personal_Skaar_Lab/EPS007_Code/Test_Dataset/001_BacA-1_EPS007_19700101/t1_A04_s2_w2_z1.tif, /Users/owenburroughs/Desktop/Personal_Skaar_Lab/EPS007_Code/Test_Dataset/001_BacA-1_EPS007_19700101/t1_A06_s2_w2_z1.tif, /Users/owenburroughs/Desktop/Personal_Skaar_Lab/EPS007_Code/Test_Dataset/001_BacA-1_EPS007_19700101/t1_A03_s2_w2_z1.tif, /Users/owenburroughs/Desktop/Personal_Skaar_Lab/EPS007_Code/Test_Dataset/001_BacA-1_EPS007_19700101/t1_A01_s2_w2_z1.tif, /Users/owenburroughs/Desktop/Personal_Skaar_Lab/EPS007_Code/Test_Dataset/001_BacA-1_EPS007_19700101/t1_A02_s3_w2_z1.tif, /Users/owenburroughs/Desktop/Personal_Skaar_Lab/EPS007_Code/Test_Dataset/001_BacA-1_EPS007_19700101/t1_A01_s3_w2_z1.tif, /Users/owenburroughs/Desktop/Personal_Skaar_Lab/EPS007_Code/Test_Dataset/001_BacA-1_EPS007_19700101/t1_A05_s3_w2_z1.tif, /Users/owenburroughs/Desktop/Personal_Skaar_Lab/EPS007_Code/Test_Dataset/001_BacA-1_EPS007_19700101/t1_A02_s2_w2_z1.tif, /Users/owenburroughs/Desktop/Personal_Skaar_Lab/EPS007_Code/Test_Dataset/001_BacA-1_EPS007_19700101/t1_A01_s1_w2_z1.tif, /Users/owenburroughs/Desktop/Personal_Skaar_Lab/EPS007_Code/Test_Dataset/001_BacA-1_EPS007_19700101/t1_A05_s2_w2_z1.tif, /Users/owenburroughs/Desktop/Personal_Skaar_Lab/EPS007_Code/Test_Dataset/001_BacA-1_EPS007_19700101/t1_A06_s1_w2_z1.tif, /Users/owenburroughs/Desktop/Personal_Skaar_Lab/EPS007_Code/Test_Dataset/001_BacA-1_EPS007_19700101/t1_A04_s3_w2_z1.tif, /Users/owenburroughs/Desktop/Personal_Skaar_Lab/EPS007_Code/Test_Dataset/001_BacA-1_EPS007_19700101/t1_A06_s3_w3_z1.tif, /Users/owenburroughs/Desktop/Personal_Skaar_Lab/EPS007_Code/Test_Dataset/001_BacA-1_EPS007_19700101/t1_A03_s3_w3_z1.tif, /Users/owenburroughs/Desktop/Personal_Skaar_Lab/EPS007_Code/Test_Dataset/001_BacA-1_EPS007_19700101/t1_A03_s1_w3_z1.tif, /Users/owenburroughs/Desktop/Personal_Skaar_Lab/EPS007_Code/Test_Dataset/001_BacA-1_EPS007_19700101/t1_A04_s1_w3_z1.tif, /Users/owenburroughs/Desktop/Personal_Skaar_Lab/EPS007_Code/Test_Dataset/001_BacA-1_EPS007_19700101/t1_A02_s1_w3_z1.tif, /Users/owenburroughs/Desktop/Personal_Skaar_Lab/EPS007_Code/Test_Dataset/001_BacA-1_EPS007_19700101/t1_A05_s1_w3_z1.tif, /Users/owenburroughs/Desktop/Personal_Skaar_Lab/EPS007_Code/Test_Dataset/001_BacA-1_EPS007_19700101/t1_A04_s2_w3_z1.tif, /Users/owenburroughs/Desktop/Personal_Skaar_Lab/EPS007_Code/Test_Dataset/001_BacA-1_EPS007_19700101/t1_A06_s2_w3_z1.tif, /Users/owenburroughs/Desktop/Personal_Skaar_Lab/EPS007_Code/Test_Dataset/001_BacA-1_EPS007_19700101/t1_A03_s2_w3_z1.tif, /Users/owenburroughs/Desktop/Personal_Skaar_Lab/EPS007_Code/Test_Dataset/001_BacA-1_EPS007_19700101/t1_A01_s2_w3_z1.tif, /Users/owenburroughs/Desktop/Personal_Skaar_Lab/EPS007_Code/Test_Dataset/001_BacA-1_EPS007_19700101/t1_A02_s3_w3_z1.tif, /Users/owenburroughs/Desktop/Personal_Skaar_Lab/EPS007_Code/Test_Dataset/001_BacA-1_EPS007_19700101/t1_A01_s3_w3_z1.tif, /Users/owenburroughs/Desktop/Personal_Skaar_Lab/EPS007_Code/Test_Dataset/001_BacA-1_EPS007_19700101/t1_A05_s3_w3_z1.tif, /Users/owenburroughs/Desktop/Personal_Skaar_Lab/EPS007_Code/Test_Dataset/001_BacA-1_EPS007_19700101/t1_A02_s2_w3_z1.tif, /Users/owenburroughs/Desktop/Personal_Skaar_Lab/EPS007_Code/Test_Dataset/001_BacA-1_EPS007_19700101/t1_A01_s1_w3_z1.tif, /Users/owenburroughs/Desktop/Personal_Skaar_Lab/EPS007_Code/Test_Dataset/001_BacA-1_EPS007_19700101/t1_A05_s2_w3_z1.tif, /Users/owenburroughs/Desktop/Personal_Skaar_Lab/EPS007_Code/Test_Dataset/001_BacA-1_EPS007_19700101/t1_A06_s1_w3_z1.tif, /Users/owenburroughs/Desktop/Personal_Skaar_Lab/EPS007_Code/Test_Dataset/001_BacA-1_EPS007_19700101/t1_A04_s3_w3_z1.tif
    output: results/001_BacA-1_EPS007_19700101/001_BacA-1_EPS007_19700101.params.yaml
    jobid: 1
    reason: Forced execution
    wildcards: plate_name=001_BacA-1_EPS007_19700101
    resources: tmpdir=/var/folders/bf/bkdpjl_d21s9fv1m0tz4bf4h0000gn/T, gpu=1
[Wed Sep  9 14:41:42 2026]
Finished jobid: 1 (Rule: sample_images)
1 of 3 steps (33%) done
Select jobs to execute...
Execute 1 jobs...
[Wed Sep  9 14:41:42 2026]
localrule sample_images:
    input: /Users/owenburroughs/Desktop/Personal_Skaar_Lab/EPS007_Code/Test_Dataset/002_BacA-2_EPS007_19700101, /Users/owenburroughs/Desktop/Personal_Skaar_Lab/EPS007_Code/Test_Dataset/002_BacA-2_EPS007_19700101/t1_A06_s3_w1_z1.tif, /Users/owenburroughs/Desktop/Personal_Skaar_Lab/EPS007_Code/Test_Dataset/002_BacA-2_EPS007_19700101/t1_A03_s3_w1_z1.tif, /Users/owenburroughs/Desktop/Personal_Skaar_Lab/EPS007_Code/Test_Dataset/002_BacA-2_EPS007_19700101/t1_A03_s1_w1_z1.tif, /Users/owenburroughs/Desktop/Personal_Skaar_Lab/EPS007_Code/Test_Dataset/002_BacA-2_EPS007_19700101/t1_A04_s1_w1_z1.tif, /Users/owenburroughs/Desktop/Personal_Skaar_Lab/EPS007_Code/Test_Dataset/002_BacA-2_EPS007_19700101/t1_A02_s1_w1_z1.tif, /Users/owenburroughs/Desktop/Personal_Skaar_Lab/EPS007_Code/Test_Dataset/002_BacA-2_EPS007_19700101/t1_A05_s1_w1_z1.tif, /Users/owenburroughs/Desktop/Personal_Skaar_Lab/EPS007_Code/Test_Dataset/002_BacA-2_EPS007_19700101/t1_A04_s2_w1_z1.tif, /Users/owenburroughs/Desktop/Personal_Skaar_Lab/EPS007_Code/Test_Dataset/002_BacA-2_EPS007_19700101/t1_A06_s2_w1_z1.tif, /Users/owenburroughs/Desktop/Personal_Skaar_Lab/EPS007_Code/Test_Dataset/002_BacA-2_EPS007_19700101/t1_A03_s2_w1_z1.tif, /Users/owenburroughs/Desktop/Personal_Skaar_Lab/EPS007_Code/Test_Dataset/002_BacA-2_EPS007_19700101/t1_A01_s2_w1_z1.tif, /Users/owenburroughs/Desktop/Personal_Skaar_Lab/EPS007_Code/Test_Dataset/002_BacA-2_EPS007_19700101/t1_A02_s3_w1_z1.tif, /Users/owenburroughs/Desktop/Personal_Skaar_Lab/EPS007_Code/Test_Dataset/002_BacA-2_EPS007_19700101/t1_A01_s3_w1_z1.tif, /Users/owenburroughs/Desktop/Personal_Skaar_Lab/EPS007_Code/Test_Dataset/002_BacA-2_EPS007_19700101/t1_A05_s3_w1_z1.tif, /Users/owenburroughs/Desktop/Personal_Skaar_Lab/EPS007_Code/Test_Dataset/002_BacA-2_EPS007_19700101/t1_A02_s2_w1_z1.tif, /Users/owenburroughs/Desktop/Personal_Skaar_Lab/EPS007_Code/Test_Dataset/002_BacA-2_EPS007_19700101/t1_A01_s1_w1_z1.tif, /Users/owenburroughs/Desktop/Personal_Skaar_Lab/EPS007_Code/Test_Dataset/002_BacA-2_EPS007_19700101/t1_A05_s2_w1_z1.tif, /Users/owenburroughs/Desktop/Personal_Skaar_Lab/EPS007_Code/Test_Dataset/002_BacA-2_EPS007_19700101/t1_A06_s1_w1_z1.tif, /Users/owenburroughs/Desktop/Personal_Skaar_Lab/EPS007_Code/Test_Dataset/002_BacA-2_EPS007_19700101/t1_A04_s3_w1_z1.tif, /Users/owenburroughs/Desktop/Personal_Skaar_Lab/EPS007_Code/Test_Dataset/002_BacA-2_EPS007_19700101/t1_A06_s3_w2_z1.tif, /Users/owenburroughs/Desktop/Personal_Skaar_Lab/EPS007_Code/Test_Dataset/002_BacA-2_EPS007_19700101/t1_A03_s3_w2_z1.tif, /Users/owenburroughs/Desktop/Personal_Skaar_Lab/EPS007_Code/Test_Dataset/002_BacA-2_EPS007_19700101/t1_A03_s1_w2_z1.tif, /Users/owenburroughs/Desktop/Personal_Skaar_Lab/EPS007_Code/Test_Dataset/002_BacA-2_EPS007_19700101/t1_A04_s1_w2_z1.tif, /Users/owenburroughs/Desktop/Personal_Skaar_Lab/EPS007_Code/Test_Dataset/002_BacA-2_EPS007_19700101/t1_A02_s1_w2_z1.tif, /Users/owenburroughs/Desktop/Personal_Skaar_Lab/EPS007_Code/Test_Dataset/002_BacA-2_EPS007_19700101/t1_A05_s1_w2_z1.tif, /Users/owenburroughs/Desktop/Personal_Skaar_Lab/EPS007_Code/Test_Dataset/002_BacA-2_EPS007_19700101/t1_A04_s2_w2_z1.tif, /Users/owenburroughs/Desktop/Personal_Skaar_Lab/EPS007_Code/Test_Dataset/002_BacA-2_EPS007_19700101/t1_A06_s2_w2_z1.tif, /Users/owenburroughs/Desktop/Personal_Skaar_Lab/EPS007_Code/Test_Dataset/002_BacA-2_EPS007_19700101/t1_A03_s2_w2_z1.tif, /Users/owenburroughs/Desktop/Personal_Skaar_Lab/EPS007_Code/Test_Dataset/002_BacA-2_EPS007_19700101/t1_A01_s2_w2_z1.tif, /Users/owenburroughs/Desktop/Personal_Skaar_Lab/EPS007_Code/Test_Dataset/002_BacA-2_EPS007_19700101/t1_A02_s3_w2_z1.tif, /Users/owenburroughs/Desktop/Personal_Skaar_Lab/EPS007_Code/Test_Dataset/002_BacA-2_EPS007_19700101/t1_A01_s3_w2_z1.tif, /Users/owenburroughs/Desktop/Personal_Skaar_Lab/EPS007_Code/Test_Dataset/002_BacA-2_EPS007_19700101/t1_A05_s3_w2_z1.tif, /Users/owenburroughs/Desktop/Personal_Skaar_Lab/EPS007_Code/Test_Dataset/002_BacA-2_EPS007_19700101/t1_A02_s2_w2_z1.tif, /Users/owenburroughs/Desktop/Personal_Skaar_Lab/EPS007_Code/Test_Dataset/002_BacA-2_EPS007_19700101/t1_A01_s1_w2_z1.tif, /Users/owenburroughs/Desktop/Personal_Skaar_Lab/EPS007_Code/Test_Dataset/002_BacA-2_EPS007_19700101/t1_A05_s2_w2_z1.tif, /Users/owenburroughs/Desktop/Personal_Skaar_Lab/EPS007_Code/Test_Dataset/002_BacA-2_EPS007_19700101/t1_A06_s1_w2_z1.tif, /Users/owenburroughs/Desktop/Personal_Skaar_Lab/EPS007_Code/Test_Dataset/002_BacA-2_EPS007_19700101/t1_A04_s3_w2_z1.tif, /Users/owenburroughs/Desktop/Personal_Skaar_Lab/EPS007_Code/Test_Dataset/002_BacA-2_EPS007_19700101/t1_A06_s3_w3_z1.tif, /Users/owenburroughs/Desktop/Personal_Skaar_Lab/EPS007_Code/Test_Dataset/002_BacA-2_EPS007_19700101/t1_A03_s3_w3_z1.tif, /Users/owenburroughs/Desktop/Personal_Skaar_Lab/EPS007_Code/Test_Dataset/002_BacA-2_EPS007_19700101/t1_A03_s1_w3_z1.tif, /Users/owenburroughs/Desktop/Personal_Skaar_Lab/EPS007_Code/Test_Dataset/002_BacA-2_EPS007_19700101/t1_A04_s1_w3_z1.tif, /Users/owenburroughs/Desktop/Personal_Skaar_Lab/EPS007_Code/Test_Dataset/002_BacA-2_EPS007_19700101/t1_A02_s1_w3_z1.tif, /Users/owenburroughs/Desktop/Personal_Skaar_Lab/EPS007_Code/Test_Dataset/002_BacA-2_EPS007_19700101/t1_A05_s1_w3_z1.tif, /Users/owenburroughs/Desktop/Personal_Skaar_Lab/EPS007_Code/Test_Dataset/002_BacA-2_EPS007_19700101/t1_A04_s2_w3_z1.tif, /Users/owenburroughs/Desktop/Personal_Skaar_Lab/EPS007_Code/Test_Dataset/002_BacA-2_EPS007_19700101/t1_A06_s2_w3_z1.tif, /Users/owenburroughs/Desktop/Personal_Skaar_Lab/EPS007_Code/Test_Dataset/002_BacA-2_EPS007_19700101/t1_A03_s2_w3_z1.tif, /Users/owenburroughs/Desktop/Personal_Skaar_Lab/EPS007_Code/Test_Dataset/002_BacA-2_EPS007_19700101/t1_A01_s2_w3_z1.tif, /Users/owenburroughs/Desktop/Personal_Skaar_Lab/EPS007_Code/Test_Dataset/002_BacA-2_EPS007_19700101/t1_A02_s3_w3_z1.tif, /Users/owenburroughs/Desktop/Personal_Skaar_Lab/EPS007_Code/Test_Dataset/002_BacA-2_EPS007_19700101/t1_A01_s3_w3_z1.tif, /Users/owenburroughs/Desktop/Personal_Skaar_Lab/EPS007_Code/Test_Dataset/002_BacA-2_EPS007_19700101/t1_A05_s3_w3_z1.tif, /Users/owenburroughs/Desktop/Personal_Skaar_Lab/EPS007_Code/Test_Dataset/002_BacA-2_EPS007_19700101/t1_A02_s2_w3_z1.tif, /Users/owenburroughs/Desktop/Personal_Skaar_Lab/EPS007_Code/Test_Dataset/002_BacA-2_EPS007_19700101/t1_A01_s1_w3_z1.tif, /Users/owenburroughs/Desktop/Personal_Skaar_Lab/EPS007_Code/Test_Dataset/002_BacA-2_EPS007_19700101/t1_A05_s2_w3_z1.tif, /Users/owenburroughs/Desktop/Personal_Skaar_Lab/EPS007_Code/Test_Dataset/002_BacA-2_EPS007_19700101/t1_A06_s1_w3_z1.tif, /Users/owenburroughs/Desktop/Personal_Skaar_Lab/EPS007_Code/Test_Dataset/002_BacA-2_EPS007_19700101/t1_A04_s3_w3_z1.tif
    output: results/002_BacA-2_EPS007_19700101/002_BacA-2_EPS007_19700101.params.yaml
    jobid: 2
    reason: Forced execution
    wildcards: plate_name=002_BacA-2_EPS007_19700101
    resources: tmpdir=/var/folders/bf/bkdpjl_d21s9fv1m0tz4bf4h0000gn/T, gpu=1
[Wed Sep  9 14:41:42 2026]
Finished jobid: 2 (Rule: sample_images)
2 of 3 steps (67%) done
Select jobs to execute...
Execute 1 jobs...
[Wed Sep  9 14:41:42 2026]
localrule all:
    input: results/001_BacA-1_EPS007_19700101/001_BacA-1_EPS007_19700101.params.yaml, results/002_BacA-2_EPS007_19700101/002_BacA-2_EPS007_19700101.params.yaml
    jobid: 0
    reason: Forced execution
    resources: tmpdir=/var/folders/bf/bkdpjl_d21s9fv1m0tz4bf4h0000gn/T
[Wed Sep  9 14:41:42 2026]
Finished jobid: 0 (Rule: all)
3 of 3 steps (100%) done
Complete log(s): /Users/owenburroughs/Desktop/Personal_Skaar_Lab/EPS007_Code/BacilliScope/.snakemake/log/2026-09-09T144141.154049.snakemake.log
