Assuming unrestricted shared filesystem usage.
host: MacBook-Pro-826.local
Building DAG of jobs...
Using shell: /bin/zsh
Provided cores: 11
Rules claiming more threads will be scaled down.
Provided resources: gpu=Resource("gpu", 1)
Job stats:
job      count
-----  -------
all          1
total        1

Select jobs to execute...
Execute 1 jobs...
[Wed Sep  9 15:42:14 2026]
localrule all:
    input: results/001_BacA-1_EPS007_19700101/001_BacA-1_EPS007_19700101.params.yaml, results/002_BacA-2_EPS007_19700101/002_BacA-2_EPS007_19700101.params.yaml
    jobid: 0
    reason: Forced execution
    resources: tmpdir=/var/folders/bf/bkdpjl_d21s9fv1m0tz4bf4h0000gn/T
[Wed Sep  9 15:42:14 2026]
Finished jobid: 0 (Rule: all)
1 of 1 steps (100%) done
Complete log(s): /Users/owenburroughs/Desktop/Personal_Skaar_Lab/EPS007_Code/BacilliScope/.snakemake/log/2026-09-09T154214.132075.snakemake.log
